# paper/reproduce.py --all at commit 8501cf8, started 2026-09-27T13:39Z
ok   ex:quadrics/chi                          0.7s  
ok   comp:symmetric/AIII22                    0.0s  
ok   comp:symmetric/AIII33                    0.2s  
ok   comp:symmetric/CI3                       0.0s  
ok   comp:symmetric/CII22                     0.1s  
ok   comp:symmetric/BI34                      0.0s  
ok   comp:symmetric/DI44                      0.1s  
ok   comp:symmetric/G                         0.0s  
ok   comp:symmetric/EIV                       0.2s  
ok   comp:symmetric/EIII                      1.3s  
ok   comp:symmetric/CI4                       0.3s  
ok   comp:symmetric/DIII6                     1.6s  
ok   comp:symmetric/FI                        1.0s  
ok   comp:symmetric/AIII34                    2.0s  
ok   comp:symmetric/DIII7                    27.5s  
ok   comp:certified/AIII23                    0.0s  
ok   comp:certified/AIII24                    0.1s  
ok   comp:certified/AIII25                    0.4s  
ok   comp:certified/DIII5                     0.3s  
ok   comp:certified/EIII                      1.8s  
ok   comp:certified/AIII34                    7.7s  
ok   comp:certified/AIII35                   37.0s  
ok   comp:certified/AIII36                  137.8s  
ok   comp:certified/AIII45                 2367.6s  
ok   comp:certified/DIII7                   141.0s  
ok   lem:openorbit/AI3                        0.0s  
ok   lem:openorbit/AI4                        0.0s  
ok   lem:openorbit/AIII22                     0.0s  
ok   lem:openorbit/AIII23                     0.0s  
ok   lem:openorbit/CI3                        0.0s  
ok   lem:openorbit/G                          0.0s  
ok   lem:openorbit/BI34                       0.1s  
ok   lem:openorbit/DIII5                      0.3s  
ok   lem:openorbit/EIII                       2.1s  
ok   lem:openorbit/FI                         2.5s  
ok   lem:openorbit/AIII34                     3.3s  
ok   comp:opposition/AIII23                   0.0s  
ok   comp:opposition/AIII24                   0.0s  
ok   comp:opposition/AIII25                   0.1s  
ok   comp:opposition/AIII26                   0.1s  
ok   comp:opposition/AIII27                   0.3s  
ok   comp:opposition/AIII28                   0.7s  
ok   comp:opposition/AIII29                   1.3s  
ok   comp:opposition/AIII210                  2.3s  
ok   comp:opposition/AIII34                   0.1s  
ok   comp:opposition/AIII35                   0.2s  
ok   comp:opposition/AIII36                   0.4s  
ok   comp:opposition/AIII37                   0.9s  
ok   comp:opposition/AIII38                   2.0s  
ok   comp:opposition/AIII39                   4.0s  
ok   comp:opposition/AIII45                   0.5s  
ok   comp:opposition/AIII46                   1.4s  
ok   comp:opposition/AIII47                   3.2s  
ok   comp:opposition/AIII48                   7.3s  
ok   comp:opposition/AIII56                   4.4s  
ok   comp:opposition/AIII57                  11.4s  
ok   comp:opposition/DIII5                    0.0s  
ok   comp:opposition/DIII7                    0.3s  
ok   comp:opposition/DIII9                    3.1s  
ok   comp:opposition/DIII11                  25.1s  
ok   comp:opposition/EIII                     0.2s  
ok   comp:large/EII                           1.9s  
ok   comp:large/EI                            4.7s  
ok   comp:large/EVII                          4.0s  
ok   comp:large/EVI                          17.3s  
ok   comp:large/EV                          588.5s  
ok   comp:large/EIX                         262.2s  
ok   comp:eviii                             200.6s  
ok   comp:eviii/orbits                        8.5s  
ok   comp:split/E7                          152.4s  
ok   comp:large/EVII-counts                   0.0s  
ok   comp:covers/AI3                          0.0s  
ok   comp:covers/AI4                          0.1s  
ok   comp:covers/AI5                          1.9s  
ok   comp:covers/AII2                         0.0s  
ok   comp:covers/AIII22                       0.0s  
ok   comp:covers/CI2                          0.0s  
ok   comp:covers/CI3                          0.1s  
ok   comp:covers/CII22                        0.1s  
ok   comp:covers/DIII4                        0.1s  
ok   comp:covers/EIV                          0.7s  
ok   comp:covers/EVII                        54.0s  
ok   comp:nonsymmetric/C3                     2.2s  
ok   comp:nonsymmetric/C3N                    0.2s  
ok   comp:nonsymmetric/C4                    11.9s  
ok   comp:nonsymmetric/C4N                    1.0s  
ok   lem:components/conics                    0.0s  
ok   lem:components/surfaces                  0.0s  
ok   comp:characteristic/conics               0.0s  
ok   comp:characteristic/surfaces             0.2s  
ok   comp:characteristic/P4                   3.8s  
ok   comp:characteristic/phi4                 0.2s  
ok   comp:characteristic/phi5                 4.6s  
ok   comp:characteristic/phi6               108.9s  
ok   comp:characteristic/P5                 107.3s  
ok   comp:characteristic/sections             0.0s  
ok   comp:characteristic/P4-sections          7.3s  
ok   comp:characteristic/P5-sections        775.5s  
ok   comp:nocanonical/conics                  0.4s  
ok   comp:nocanonical/exist                   0.5s  
ok   comp:divisors/conics                     0.0s  
ok   comp:divisors/surfaces                   0.2s  
ok   prop:notgenerated/betti                  0.1s  
ok   prop:notgenerated/hilbert               63.3s  
ok   comp:generators/P4                     494.0s  
ok   comp:generators/P4-beta                  5.5s  
ok   comp:generators/P5-c3                  725.1s  
ok   comp:generators/P5                    1520.4s  
ok   comp:generators/P5-degree5            1221.6s  
FAIL comp:generators/P5-boundary            992.3s  got [1, 5, 15, 36, 74, 134, 214, 302, 383, 441, 462, 441, 383, 302, 214, 134, 74, 36, 15, 5, 1], paper says [1, 5, 15, 37, 76, 137, 216, 303, 383, 441, 462, 441, 383, 303, 216, 137, 76, 37, 15, 5, 1]
#    (a bug in the helper of reproduce.py: two classes of D_4 collapsed; fixed in f8b964f)
ok   obs:entrywise/dim2                       0.1s  
ok   obs:entrywise/dim3                       0.9s  
ok   obs:entrywise/dim4                       2.9s  
ok   comp:beyondgkm/AIII12                    0.0s  
ok   comp:beyondgkm/AIII13                    0.0s  
ok   comp:beyondgkm/AIII14                    0.1s  
ok   comp:beyondgkm/CII12                     0.0s  
ok   comp:beyondgkm/CII13                     0.2s  
ok   comp:beyondgkm/FII                       0.6s  
ok   obs:deflection/surfaces                  0.1s  
ok   sec:nongraded/576                       14.0s  
ok   obs:conics/one                           0.0s  
ok   obs:conics/21                            0.1s  
# exit status 1, finished 2026-09-27T16:28Z
# rerun of the failed claim at commit f8b964f:
ok   comp:generators/P5-boundary           1394.4s
# all 123 claims ok
